// Jest Snapshot v1, https://goo.gl/fbAQLP

exports[`Login component matches snapshot 1`] = `
<DocumentFragment>
  <div
    class="login"
  >
    <div
      class="login-top"
    >
      <div
        class="login-title"
      >
        <h1>
          Login
        </h1>
        <p>
          Login and start pinning your favorite 
          <span>
            parrillas
          </span>
           in Buenos Aires.
        </p>
      </div>
      <form
        class="login-form"
      >
        <label
          for="username"
        >
          Username
        </label>
        <input
          id="username"
          name="username"
          placeholder="Your username"
          required=""
          type="text"
          value=""
        />
        <label
          for="password"
        >
          Password
        </label>
        <input
          id="password"
          name="password"
          placeholder="Your password"
          required=""
          type="password"
          value=""
        />
        <button>
          Login
        </button>
        <a
          href="/register"
        >
          Need to create a new account?
        </a>
      </form>
    </div>
  </div>
</DocumentFragment>
`;
