// Jest Snapshot v1, https://goo.gl/fbAQLP

exports[`Login component matches snapshot 1`] = `
<DocumentFragment>
  <div
    class="login"
  >
    <div
      class="login__wrapper"
    >
      <div
        class="login__head"
      >
        <h1>
          Login
        </h1>
        <p>
          Login and start pinning your favorite 
          <span>
            parrillas
          </span>
           in Buenos Aires.
        </p>
      </div>
      <form
        class="form"
      >
        <label
          for="username"
        >
          Username
        </label>
        <input
          autocomplete="username"
          id="username"
          name="username"
          placeholder="Your username"
          required=""
          type="text"
          value=""
        />
        <label
          for="password"
        >
          Password
        </label>
        <input
          autocomplete="off"
          id="password"
          name="password"
          placeholder="Your password"
          required=""
          type="password"
          value=""
        />
        <button>
          Login
        </button>
        <div
          class="register__link"
        >
          <a
            href="/register"
          >
            Don't have an account?
          </a>
        </div>
      </form>
    </div>
  </div>
</DocumentFragment>
`;
