// Jest Snapshot v1, https://goo.gl/fbAQLP

exports[`Register component matches snapshot 1`] = `
<DocumentFragment>
  <div>
    <div
      class="navbar undefined"
    >
      <div
        class="navbar-left"
      >
        <a
          href="/"
        >
          Asador
        </a>
      </div>
      <div
        class="navbar-right"
      >
        <ul
          class="navbar-links"
        >
          <li>
            <a
              href="/"
            >
              Home
            </a>
          </li>
          <li>
            <a
              href="/about"
            >
              About
            </a>
          </li>
          <li>
            <a
              href="/login"
            >
              <svg
                aria-hidden="true"
                class="MuiSvgIcon-root MuiSvgIcon-fontSizeMedium css-i4bv87-MuiSvgIcon-root"
                data-testid="AccountCircleIcon"
                focusable="false"
                viewBox="0 0 24 24"
              >
                <path
                  d="M12 2C6.48 2 2 6.48 2 12s4.48 10 10 10 10-4.48 10-10S17.52 2 12 2zm0 3c1.66 0 3 1.34 3 3s-1.34 3-3 3-3-1.34-3-3 1.34-3 3-3zm0 14.2c-2.5 0-4.71-1.28-6-3.22.03-1.99 4-3.08 6-3.08 1.99 0 5.97 1.09 6 3.08-1.29 1.94-3.5 3.22-6 3.22z"
                />
              </svg>
            </a>
          </li>
        </ul>
        <div
          class="hamburger"
        >
          <span />
          <span />
          <span />
        </div>
      </div>
    </div>
    <div
      class="menu undefined"
    >
      <ul>
        <li>
          <a
            href="/"
          >
            Home
          </a>
        </li>
        <li>
          <a
            href="/about"
          >
            About
          </a>
        </li>
        <li>
          <a
            href="/login"
          >
            <svg
              aria-hidden="true"
              class="MuiSvgIcon-root MuiSvgIcon-fontSizeMedium css-i4bv87-MuiSvgIcon-root"
              data-testid="AccountCircleIcon"
              focusable="false"
              viewBox="0 0 24 24"
            >
              <path
                d="M12 2C6.48 2 2 6.48 2 12s4.48 10 10 10 10-4.48 10-10S17.52 2 12 2zm0 3c1.66 0 3 1.34 3 3s-1.34 3-3 3-3-1.34-3-3 1.34-3 3-3zm0 14.2c-2.5 0-4.71-1.28-6-3.22.03-1.99 4-3.08 6-3.08 1.99 0 5.97 1.09 6 3.08-1.29 1.94-3.5 3.22-6 3.22z"
              />
            </svg>
          </a>
        </li>
      </ul>
    </div>
    <div
      class="register"
    >
      <div
        class="register-top"
      >
        <div
          class="register-title"
        >
          <h1>
            Register
          </h1>
          <p>
            Create an account to share with us your favorite 
            <span>
              parrillas
            </span>
             in Buenos Aires.
          </p>
        </div>
        <form
          class="register-form"
        >
          <label
            for="username"
          >
            Username
          </label>
          <input
            id="username"
            name="username"
            placeholder="Create a username"
            required=""
            type="text"
            value=""
          />
          <label
            for="email"
          >
            Email
          </label>
          <input
            id="email"
            name="email"
            placeholder="Your email address"
            required=""
            type="email"
            value=""
          />
          <label
            for="password"
          >
            Password
          </label>
          <input
            id="password"
            name="password"
            placeholder="Your password"
            required=""
            type="password"
            value=""
          />
          <button>
            Register
          </button>
          <a
            href="/login"
          >
            Already have an account?
          </a>
        </form>
      </div>
    </div>
  </div>
</DocumentFragment>
`;
